  BCDecompressor.cpp
  Barrier.cpp
  Blob.cpp
  Exception.cpp
  Float16Compressor.cpp
  Image.cpp
  ImageFlags.cpp
  ImageUtils.cpp
  Input.cpp
  Interface.cpp
  Log.cpp
  Parse.cpp
  Report.cpp
  StringUtils.cpp
  Threading.cpp
  TypeNames.cpp
  Types.cpp
  UTF8String.cpp
  Utility.cpp
  Vendor.cpp
  Version.cpp
  Canvas.cpp
  ConsoleManip.cpp
  Debug.cpp
  Display.cpp
  DisplayFlags.cpp
  Path.cpp
  MapKey.cpp
  Win32ConsoleManip.cpp
  Win32ConsoleState.cpp
  Win32Debug.cpp
  Win32Display.cpp
  Win32Module.cpp
  Win32Path.cpp
  Win32Timer.cpp
  Win32Window.cpp
  Win32WindowCallback.cpp
  Win32WindowClass.cpp
  Window.cpp
  BindingIterator.cpp
  Buffer.cpp
  BufferArray.cpp
  BufferFlags.cpp
  BufferUtils.cpp
  DbgBuffer.cpp
  DbgBufferArray.cpp
  DbgCommandBuffer.cpp
  DbgCommandQueue.cpp
  DbgQueryTimerPool.cpp
  DbgRenderSystem.cpp
  DbgSwapChain.cpp
  DbgPipelineLayout.cpp
  DbgPipelineState.cpp
  DbgQueryHeap.cpp
  DbgRenderPass.cpp
  DbgResourceHeap.cpp
  DbgShader.cpp
  DbgRenderTarget.cpp
  DbgTexture.cpp
  Format.cpp
  PipelineStateFlags.cpp
  PipelineStateUtils.cpp
  ProxyPipelineCache.cpp
  QueryHeap.cpp
  RenderPassUtils.cpp
  RenderSystem.cpp
  RenderSystemFlags.cpp
  RenderSystemModule.cpp
  RenderSystemRegistry.cpp
  RenderTarget.cpp
  RenderTargetUtils.cpp
  RenderingDebugger.cpp
  ResourceUtils.cpp
  SpirvInstruction.cpp
  SpirvInstructionInfo.cpp
  SpirvModule.cpp
  SpirvReflect.cpp
  Sampler.cpp
  Shader.cpp
  ShaderFlags.cpp
  StaticAssertions.cpp
  StaticModuleInterface.cpp
  SwapChain.cpp
  Texture.cpp
  TextureFlags.cpp
  TextureUtils.cpp
  VertexAttribute.cpp
  LLGL.vcxproj -> C:\Users\Michael\Development\CristalEngine\CristalEngine\vendor\LLGL\bin\Debug\LLGL\LLGL.lib
